// Jest Snapshot v1, https://goo.gl/fbAQLP

exports[`Header renders 1`] = `
<div>
  <div
    class="headerBar"
  >
    <span
      class="headerLogo headerText largeHeaderText"
    >
      Aaron Brooks
    </span>
    <span
      class="navSection"
    >
      <a
        class="link navButton headerText smallHeaderText"
        href="#about-me"
        rel="noopener noreferrer"
      >
        About Me
      </a>
      <a
        class="link navButton headerText smallHeaderText"
        rel="noopener noreferrer"
      >
        Projects
      </a>
      <a
        class="link navButton headerText smallHeaderText"
        rel="noopener noreferrer"
      >
        Contact Me
      </a>
    </span>
  </div>
</div>
`;
