// Jest Snapshot v1, https://goo.gl/fbAQLP

exports[`App renders 1`] = `
<div>
  <div>
    <div>
      <span>
        Aaron Brooks
      </span>
      <button
        class="button resume"
      >
        Resume
      </button>
      <button
        class="button"
      >
        Demos
      </button>
      <button
        class="button"
      >
        Contact Me
      </button>
    </div>
    <div>
      This is a footer
    </div>
  </div>
</div>
`;
