// Jest Snapshot v1, https://goo.gl/fbAQLP

exports[`App renders 1`] = `
<div>
  <div>
    <div
      class="headerBar"
    >
      <span
        class="headerLogo headerText largeHeaderText"
      >
        Aaron Brooks
      </span>
      <span
        class="navSection"
      >
        <a
          class="link navButton headerText smallHeaderText"
          href="#about-me"
          rel="noopener noreferrer"
        >
          About Me
        </a>
        <a
          class="link navButton headerText smallHeaderText"
          rel="noopener noreferrer"
        >
          Projects
        </a>
        <a
          class="link navButton headerText smallHeaderText"
          rel="noopener noreferrer"
        >
          Contact Me
        </a>
      </span>
    </div>
    <div
      class="root"
      id="about-me"
    >
      <div
        class="textContainer"
      >
        <span
          class="text subText"
        >
          Words, Words, Words
        </span>
        <span
          class="text mainText"
        >
          I do things that are good and cool.
        </span>
        <a
          class="link resumeBtn"
          download="resume.pdf"
          href="resume.pdf"
          rel="noopener noreferrer"
          target="_blank"
        >
          My Resume 
          <span
            class="downloadIcon"
          />
        </a>
      </div>
      <div
        class="photoContainer"
      >
        <img
          alt="me"
          class="photo"
          src="https://i.insider.com/5484d9d1eab8ea3017b17e29?width=600&format=jpeg&auto=webp"
        />
      </div>
    </div>
    <div
      class=""
    >
      Projects
    </div>
    <div
      class=""
    >
      Contact Me
    </div>
  </div>
</div>
`;
